// Jest Snapshot v1, https://goo.gl/fbAQLP

exports[`<EnvironmentFlag /> matches snapshot 1`] = `"<mock-flag country=\\"\\"></mock-flag>"`;
