// Jest Snapshot v1, https://goo.gl/fbAQLP

exports[`<LogoutButton /> matches snapshot 1`] = `"<button data-testid=\\"logout-button-wrapper\\" type=\\"button\\" class=\\"ant-btn ant-btn-background-ghost\\"><span>Log Out</span></button>"`;
