// Jest Snapshot v1, https://goo.gl/fbAQLP

exports[`<ConfirmationDialog /> matches snapshot 1`] = `
<div
  class="ant-modal-root"
  data-testid="confirmation-dialog"
>
  <div
    class="ant-modal-mask"
  />
  <div
    class="ant-modal-wrap"
    tabindex="-1"
  >
    <div
      aria-modal="true"
      class="ant-modal"
      role="dialog"
      style="width: 520px;"
    >
      <div
        aria-hidden="true"
        style="width: 0px; height: 0px; overflow: hidden; outline: none;"
        tabindex="0"
      />
      <div
        class="ant-modal-content"
      >
        <div
          class="ant-modal-body"
        >
          <div
            class="ant-result ant-result-warning"
          >
            <div
              class="ant-result-icon"
            >
              <span
                aria-label="warning"
                class="anticon anticon-warning"
                role="img"
              >
                <svg
                  aria-hidden="true"
                  data-icon="warning"
                  fill="currentColor"
                  focusable="false"
                  height="1em"
                  viewBox="64 64 896 896"
                  width="1em"
                >
                  <path
                    d="M955.7 856l-416-720c-6.2-10.7-16.9-16-27.7-16s-21.6 5.3-27.7 16l-416 720C56 877.4 71.4 904 96 904h832c24.6 0 40-26.6 27.7-48zM480 416c0-4.4 3.6-8 8-8h48c4.4 0 8 3.6 8 8v184c0 4.4-3.6 8-8 8h-48c-4.4 0-8-3.6-8-8V416zm32 352a48.01 48.01 0 010-96 48.01 48.01 0 010 96z"
                  />
                </svg>
              </span>
            </div>
            <div
              class="ant-result-title"
            >
              A nice title
            </div>
            <div
              class="ant-result-subtitle"
            >
              A nicer subtitle
            </div>
            <div
              class="ant-result-extra"
            >
              <button
                class="ant-btn ant-btn-default"
                data-testid="confirmation-cancel-button"
                type="button"
              >
                <span>
                  Cancel
                </span>
              </button>
              <button
                class="ant-btn ant-btn-primary"
                data-testid="confirmation-ok-button"
                type="button"
              >
                <span>
                  OK
                </span>
              </button>
            </div>
          </div>
        </div>
      </div>
      <div
        aria-hidden="true"
        style="width: 0px; height: 0px; overflow: hidden; outline: none;"
        tabindex="0"
      />
    </div>
  </div>
</div>
`;
